// Jest Snapshot v1, https://goo.gl/fbAQLP

exports[`GridItem.vue renders 1`] = `<div class="grid__item w-1/2 sm-w-1/3 md-w-1/4"></div>`;
