// Jest Snapshot v1, https://goo.gl/fbAQLP

exports[`MediaRight.vue renders 1`] = `<div class="media__right">slot</div>`;
