// Jest Snapshot v1, https://goo.gl/fbAQLP

exports[`MediaBody.vue renders 1`] = `<div class="media__body">slot</div>`;
