// Jest Snapshot v1, https://goo.gl/fbAQLP

exports[`MediaLeft.vue renders 1`] = `<div class="media__left">slot</div>`;
